exports[`AuthCallback matches snapshot 1`] = `
<p>
  Signing you in...
</p>
`;
