exports[`NotFound matches snapshot 1`] = `
<h1
  className="title">
  404 Not Found
</h1>
`;
